// Jest Snapshot v1, https://goo.gl/fbAQLP

exports[`should render the clockings list component 1`] = `
<div>
  <h3
    className="text-center Clockings my-4"
  >
    No Clockings to show
  </h3>
</div>
`;
